// Jest Snapshot v1, https://goo.gl/fbAQLP

exports[`Gift renders properly 1`] = `
"<div>
  <FormGroup>
    <FormLabel column={false} srOnly={false}>
      Person
    </FormLabel>
    <FormControl className=\\"input-person\\" onChange={[Function: onChange]} />
  </FormGroup>
  <FormGroup>
    <FormLabel column={false} srOnly={false}>
      Present
    </FormLabel>
    <FormControl className=\\"input-present\\" onChange={[Function: onChange]} />
  </FormGroup>
</div>"
`;
